--------------------------------------------------------------------------------------
Timing Analyzer Summary
--------------------------------------------------------------------------------------

Type           : Worst-case tsu
Slack          : N/A
Required Time  : None
Actual Time    : 2.867 ns
From           : din[2]
To             : demux1to12:inst|Data_out2[2]
From Clock     : --
To Clock       : clk
Failed Paths   : 0

Type           : Worst-case tco
Slack          : N/A
Required Time  : None
Actual Time    : 27.624 ns
From           : controller:inst2|mux_select1[1]
To             : test4[3]
From Clock     : clk
To Clock       : --
Failed Paths   : 0

Type           : Worst-case tpd
Slack          : N/A
Required Time  : None
Actual Time    : 4.838 ns
From           : clk
To             : load_in
From Clock     : --
To Clock       : --
Failed Paths   : 0

Type           : Worst-case th
Slack          : N/A
Required Time  : None
Actual Time    : -1.302 ns
From           : din[7]
To             : demux1to12:inst|Data_out10[7]
From Clock     : --
To Clock       : clk
Failed Paths   : 0

Type           : Clock Setup: 'clk'
Slack          : N/A
Required Time  : None
Actual Time    : 17.73 MHz ( period = 56.396 ns )
From           : demux1to12:inst|Data_out8[2]
To             : MAC:inst5|MAC_Checker:inst1|feedback[14]
From Clock     : clk
To Clock       : clk
Failed Paths   : 0

Type           : Clock Hold: 'clk'
Slack          : Not operational: Clock Skew > Data Delay
Required Time  : None
Actual Time    : N/A
From           : controller:inst2|pstate.S19
To             : controller:inst2|final_mux_sel[0]
From Clock     : clk
To Clock       : clk
Failed Paths   : 162

Type           : Total number of failed paths
Slack          : 
Required Time  : 
Actual Time    : 
From           : 
To             : 
From Clock     : 
To Clock       : 
Failed Paths   : 162

--------------------------------------------------------------------------------------

